[OpenClaw] ­ƒöæ 2 API keys disponibles para rotaci├│n
­ƒÜÇ TEST DE LINKS REALES (MERCADOPAGO & PAYPAL)

--- ENTRADA: "quiero comprar el mega pack" ---
[Architect] ­ƒºá Iniciando Modo Ultra Inteligente para user_test_real_links...
node.exe : (node:17456) [MODULE_TYPELESS_PACKAGE_JSON] Warning: Module type of 
file:///C:/davey/bot-whatsapp/scripts/real-test-v14-real-links.ts is not specified and it doesn't parse as CommonJS.
En línea: 1 Carácter: 1
+ & "C:\Program Files\nodejs/node.exe" "C:\Program Files\nodejs/node_mo ...
+ ~~~~~~~~~~~~~~~~~~~~~~~~~~~~~~~~~~~~~~~~~~~~~~~~~~~~~~~~~~~~~~~~~~~~~
    + CategoryInfo          : NotSpecified: ((node:17456) [M...se as CommonJS.:String) [], RemoteException
    + FullyQualifiedErrorId : NativeCommandError
 
Reparsing as ES module because module syntax was detected. This incurs a performance overhead.
To eliminate this warning, add "type": "module" to C:\davey\bot-whatsapp\package.json.
(Use `node --trace-warnings ...` to show where the warning was created)
[Architect] ­ƒÆí An├ílisis: El usuario menciona un nombre espec├¡fico de producto, por lo que aplico la regla de oro 'Prioridad Absoluta' y uso 'get_product_with_payment' para buscar el producto especifico.
[Architect] ­ƒøá´©Å Ejecutando Skill: get_product_with_payment
[Skill] ­ƒöì Buscando producto espec├¡fico para: "mega pack"
[Skill] Ô£à Encontrado en cat├ílogo: MEGA PACK COMPLETO - 81 Cursos Profesionales
[Skill] Error cr├¡tico: Cannot find module 'C:\davey\bot-whatsapp\src\lib\mercadopago-dynamic-service.js' imported from 
C:\davey\bot-whatsapp\src\lib\bot\openclaw-orchestrator.js
[Architect] ÔÜá´©Å Skill no encontr├│ resultados

--- RESPUESTA DEL BOT ---
­ƒæï **┬íExcelente elecci├│n!** 

┬íMega Pack! ┬┐Est├ís seguro de que es ese el producto que deseas? Quiero asegurarme de que est├®s completamente satisfecho antes de enviar los m├®todos de pago. ┬┐Podr├¡as decirme algo m├ís sobre por qu├® elegiste el Mega Pack? ┬┐Tienes alguna pregunta sobre su contenido? 

**┬┐Quieres confirmar el Mega Pack?**

ÔØî Link de MercadoPago NO encontrado o fall├│.
ÔØî Link de PayPal NO encontrado (esperado si no hay USD o fall├│).
